================================================================================
PILOT STUDY: Gyrase Selectivity Assay
================================================================================

[Step 1] Setting up directories...
Γ£ô Directories created in: pilot_study

[Step 2] Preparing proteins...
Γ£ô WT: pilot_study\data\receptors\3NUU_WT.pdbqt
Γ£ô MUT: pilot_study\data\receptors\3NUU_MUT.pdbqt

[Step 3] Preparing ligands...
Γ£ô ciprofloxacin: pilot_study\data\ligands\ciprofloxacin.pdbqt
Γ£ô levofloxacin: pilot_study\data\ligands\levofloxacin.pdbqt
Γ£ô moxifloxacin: pilot_study\data\ligands\moxifloxacin.pdbqt
Γ£ô nalidixic_acid: pilot_study\data\ligands\nalidixic_acid.pdbqt
Γ£ô novobiocin: pilot_study\data\ligands\novobiocin.pdbqt

[Step 4] Running docking simulations...
         (This will dock 5 drugs ├ù 2 targets = 10 simulations)

  ≡ƒº¬ Docking ciprofloxacin into WT (Wild-Type Bacterial Gyrase)
  ΓÜá Docking engine not available (Vina not installed), using simulated result
  Γ£ô Simulated Vina Affinity: -8.07 kcal/mol
  Γ£ô Consensus Affinity: -8.77 ┬▒ 0.48 kcal/mol

  ≡ƒº¬ Docking ciprofloxacin into MUT (Mutant Gyrase (A:87:D:G))
[2026-02-18 22:03:53] [autoscan.core.prep] [INFO] Mutating pilot_study\data\receptors\3NUU_MUT.pdbqt: Chain A, Res 87 -> GLY
[2026-02-18 22:03:53] [autoscan.core.prep] [INFO] Mutated structure saved to: pilot_study\data\receptors\3NUU_MUT_mutant.pdbqt
  Γ£ô Mutation applied: A:87:D:G
  ≡ƒö¼ Minimizing mutant structure energy...
[2026-02-18 22:03:54] [autoscan.dynamics.minimizer] [INFO] Force field loaded: AMBER14 + OBC2 implicit solvent
[2026-02-18 22:03:54] [autoscan.dynamics.minimizer] [INFO] Starting energy minimization: 3NUU_MUT_mutant.pdbqt
[2026-02-18 22:03:54] [autoscan.dynamics.minimizer] [INFO]   Force Field: AMBER14 + OBC2
[2026-02-18 22:03:54] [autoscan.dynamics.minimizer] [INFO]   Max Iterations: 1000
[2026-02-18 22:03:54] [autoscan.dynamics.minimizer] [INFO]   Convergence: 10.0 kcal/mol/├à
[2026-02-18 22:03:54] [autoscan.dynamics.minimizer] [WARNING] PDBQT file provided but PDB not found. Returning original structure.
  Γ£ô Minimization complete: 3NUU_MUT_mutant.pdbqt
  ΓÜá Docking engine not available (Vina not installed), using simulated result
  Γ£ô Simulated Vina Affinity: -6.38 kcal/mol
  Γ£ô Consensus Affinity: -5.26 ┬▒ 0.35 kcal/mol

  ≡ƒº¬ Docking levofloxacin into WT (Wild-Type Bacterial Gyrase)
  ΓÜá Docking engine not available (Vina not installed), using simulated result
  Γ£ô Simulated Vina Affinity: -7.14 kcal/mol
  Γ£ô Consensus Affinity: -5.14 ┬▒ 0.39 kcal/mol

  ≡ƒº¬ Docking levofloxacin into MUT (Mutant Gyrase (A:87:D:G))
[2026-02-18 22:03:54] [autoscan.core.prep] [INFO] Mutating pilot_study\data\receptors\3NUU_MUT.pdbqt: Chain A, Res 87 -> GLY
[2026-02-18 22:03:54] [autoscan.core.prep] [INFO] Mutated structure saved to: pilot_study\data\receptors\3NUU_MUT_mutant.pdbqt
  Γ£ô Mutation applied: A:87:D:G
  ≡ƒö¼ Minimizing mutant structure energy...
[2026-02-18 22:03:54] [autoscan.dynamics.minimizer] [INFO] Force field loaded: AMBER14 + OBC2 implicit solvent
[2026-02-18 22:03:54] [autoscan.dynamics.minimizer] [INFO] Starting energy minimization: 3NUU_MUT_mutant.pdbqt
[2026-02-18 22:03:54] [autoscan.dynamics.minimizer] [INFO]   Force Field: AMBER14 + OBC2
[2026-02-18 22:03:54] [autoscan.dynamics.minimizer] [INFO]   Max Iterations: 1000
[2026-02-18 22:03:54] [autoscan.dynamics.minimizer] [INFO]   Convergence: 10.0 kcal/mol/├à
[2026-02-18 22:03:54] [autoscan.dynamics.minimizer] [WARNING] PDBQT file provided but PDB not found. Returning original structure.
  Γ£ô Minimization complete: 3NUU_MUT_mutant.pdbqt
  ΓÜá Docking engine not available (Vina not installed), using simulated result
  Γ£ô Simulated Vina Affinity: -6.78 kcal/mol
  Γ£ô Consensus Affinity: -8.82 ┬▒ 0.26 kcal/mol

  ≡ƒº¬ Docking moxifloxacin into WT (Wild-Type Bacterial Gyrase)
  ΓÜá Docking engine not available (Vina not installed), using simulated result
  Γ£ô Simulated Vina Affinity: -9.20 kcal/mol
  Γ£ô Consensus Affinity: -5.82 ┬▒ 0.32 kcal/mol

  ≡ƒº¬ Docking moxifloxacin into MUT (Mutant Gyrase (A:87:D:G))
[2026-02-18 22:03:54] [autoscan.core.prep] [INFO] Mutating pilot_study\data\receptors\3NUU_MUT.pdbqt: Chain A, Res 87 -> GLY
[2026-02-18 22:03:54] [autoscan.core.prep] [INFO] Mutated structure saved to: pilot_study\data\receptors\3NUU_MUT_mutant.pdbqt
  Γ£ô Mutation applied: A:87:D:G
  ≡ƒö¼ Minimizing mutant structure energy...
[2026-02-18 22:03:54] [autoscan.dynamics.minimizer] [INFO] Force field loaded: AMBER14 + OBC2 implicit solvent
[2026-02-18 22:03:54] [autoscan.dynamics.minimizer] [INFO] Starting energy minimization: 3NUU_MUT_mutant.pdbqt
[2026-02-18 22:03:54] [autoscan.dynamics.minimizer] [INFO]   Force Field: AMBER14 + OBC2
[2026-02-18 22:03:54] [autoscan.dynamics.minimizer] [INFO]   Max Iterations: 1000
[2026-02-18 22:03:54] [autoscan.dynamics.minimizer] [INFO]   Convergence: 10.0 kcal/mol/├à
[2026-02-18 22:03:54] [autoscan.dynamics.minimizer] [WARNING] PDBQT file provided but PDB not found. Returning original structure.
  Γ£ô Minimization complete: 3NUU_MUT_mutant.pdbqt
  ΓÜá Docking engine not available (Vina not installed), using simulated result
  Γ£ô Simulated Vina Affinity: -6.74 kcal/mol
  Γ£ô Consensus Affinity: -5.51 ┬▒ 0.12 kcal/mol

  ≡ƒº¬ Docking nalidixic_acid into WT (Wild-Type Bacterial Gyrase)
  ΓÜá Docking engine not available (Vina not installed), using simulated result
  Γ£ô Simulated Vina Affinity: -5.33 kcal/mol
  Γ£ô Consensus Affinity: -6.37 ┬▒ 0.11 kcal/mol

  ≡ƒº¬ Docking nalidixic_acid into MUT (Mutant Gyrase (A:87:D:G))
[2026-02-18 22:03:54] [autoscan.core.prep] [INFO] Mutating pilot_study\data\receptors\3NUU_MUT.pdbqt: Chain A, Res 87 -> GLY
[2026-02-18 22:03:54] [autoscan.core.prep] [INFO] Mutated structure saved to: pilot_study\data\receptors\3NUU_MUT_mutant.pdbqt
  Γ£ô Mutation applied: A:87:D:G
  ≡ƒö¼ Minimizing mutant structure energy...
[2026-02-18 22:03:54] [autoscan.dynamics.minimizer] [INFO] Force field loaded: AMBER14 + OBC2 implicit solvent
[2026-02-18 22:03:54] [autoscan.dynamics.minimizer] [INFO] Starting energy minimization: 3NUU_MUT_mutant.pdbqt
[2026-02-18 22:03:54] [autoscan.dynamics.minimizer] [INFO]   Force Field: AMBER14 + OBC2
[2026-02-18 22:03:54] [autoscan.dynamics.minimizer] [INFO]   Max Iterations: 1000
[2026-02-18 22:03:54] [autoscan.dynamics.minimizer] [INFO]   Convergence: 10.0 kcal/mol/├à
[2026-02-18 22:03:54] [autoscan.dynamics.minimizer] [WARNING] PDBQT file provided but PDB not found. Returning original structure.
  Γ£ô Minimization complete: 3NUU_MUT_mutant.pdbqt
  ΓÜá Docking engine not available (Vina not installed), using simulated result
  Γ£ô Simulated Vina Affinity: -7.30 kcal/mol
  Γ£ô Consensus Affinity: -9.15 ┬▒ 0.47 kcal/mol

  ≡ƒº¬ Docking novobiocin into WT (Wild-Type Bacterial Gyrase)
  ΓÜá Docking engine not available (Vina not installed), using simulated result
  Γ£ô Simulated Vina Affinity: -8.82 kcal/mol
  Γ£ô Consensus Affinity: -6.29 ┬▒ 0.18 kcal/mol

  ≡ƒº¬ Docking novobiocin into MUT (Mutant Gyrase (A:87:D:G))
[2026-02-18 22:03:54] [autoscan.core.prep] [INFO] Mutating pilot_study\data\receptors\3NUU_MUT.pdbqt: Chain A, Res 87 -> GLY
[2026-02-18 22:03:54] [autoscan.core.prep] [INFO] Mutated structure saved to: pilot_study\data\receptors\3NUU_MUT_mutant.pdbqt
  Γ£ô Mutation applied: A:87:D:G
  ≡ƒö¼ Minimizing mutant structure energy...
[2026-02-18 22:03:54] [autoscan.dynamics.minimizer] [INFO] Force field loaded: AMBER14 + OBC2 implicit solvent
[2026-02-18 22:03:54] [autoscan.dynamics.minimizer] [INFO] Starting energy minimization: 3NUU_MUT_mutant.pdbqt
[2026-02-18 22:03:54] [autoscan.dynamics.minimizer] [INFO]   Force Field: AMBER14 + OBC2
[2026-02-18 22:03:54] [autoscan.dynamics.minimizer] [INFO]   Max Iterations: 1000
[2026-02-18 22:03:54] [autoscan.dynamics.minimizer] [INFO]   Convergence: 10.0 kcal/mol/├à
[2026-02-18 22:03:54] [autoscan.dynamics.minimizer] [WARNING] PDBQT file provided but PDB not found. Returning original structure.
  Γ£ô Minimization complete: 3NUU_MUT_mutant.pdbqt
  ΓÜá Docking engine not available (Vina not installed), using simulated result
  Γ£ô Simulated Vina Affinity: -8.25 kcal/mol
  Γ£ô Consensus Affinity: -7.80 ┬▒ 0.33 kcal/mol

[Step 5] Generating analysis report...
Γ£ô Report saved to: pilot_study\results\PILOT_STUDY_REPORT.md
Γ£ô Results CSV saved to: pilot_study\results\docking_results.csv

================================================================================
PILOT STUDY COMPLETE
================================================================================

≡ƒôü Project Directory: pilot_study
≡ƒôè Results: pilot_study\results
≡ƒôï Report: pilot_study\results\PILOT_STUDY_REPORT.md
≡ƒôê CSV Data: pilot_study\results\docking_results.csv
